<?xml version="1.0" encoding="UTF-8"?>
<testsuites name="jest tests" tests="6" failures="0" errors="0" time="0.246">
  <testsuite name="Tests de la calculatrice" errors="0" failures="0" skipped="0" timestamp="2025-08-28T14:15:31" time="0.205" tests="6">
    <testcase classname="Tests de la calculatrice Addition de deux nombres" name="Tests de la calculatrice Addition de deux nombres" time="0.003">
    </testcase>
    <testcase classname="Tests de la calculatrice Soustraction de deux nombres" name="Tests de la calculatrice Soustraction de deux nombres" time="0.001">
    </testcase>
    <testcase classname="Tests de la calculatrice Multiplication de deux nombres" name="Tests de la calculatrice Multiplication de deux nombres" time="0.001">
    </testcase>
    <testcase classname="Tests de la calculatrice Division de deux nombres" name="Tests de la calculatrice Division de deux nombres" time="0.002">
    </testcase>
    <testcase classname="Tests de la calculatrice Validation des nombres" name="Tests de la calculatrice Validation des nombres" time="0.001">
    </testcase>
    <testcase classname="Tests de la calculatrice Tests corrigé" name="Tests de la calculatrice Tests corrigé" time="0">
    </testcase>
  </testsuite>
</testsuites>